// Jest Snapshot v1, https://goo.gl/fbAQLP

exports[`renders ok 1`] = `
<DocumentFragment>
  <div
    class="header-container"
  >
    <header>
      <h1
        data-testid="header-h1"
      >
        Superheroes and Villains
      </h1>
      <p
        data-testid="header-p"
      >
        search in the catalogue
      </p>
    </header>
  </div>
</DocumentFragment>
`;
